
   FAIL  Tests\Feature\SalesOrderStockTest
  Γ¿» it deducΓÇª 17.23s  
  ΓöÇΓöÇΓöÇΓöÇΓöÇΓöÇΓöÇΓöÇΓöÇΓöÇΓöÇΓöÇΓöÇΓöÇΓöÇΓöÇΓöÇΓöÇ  
   FAILEDΓÇª    Error   
  Class "Tests\Feature\DB" not found

  at tests\Feature\SalesOrderStockTest.php:88
     84Γûò     expect($this->inventoryItem->current_quantity)->toBe(100);
     85Γûò 
     86Γûò     // Debug update
     87Γûò     $order->refresh(); // Ensure strict sync
  Γ₧£  88Γûò     DB::enableQueryLog();
     89Γûò     Log::info('Test: Updating status to shipped');
     90Γûò     $updated = $order->update(['status' => 'shipped']);
     91Γûò     Log::info('Test: Update returned ' . ($updated ? 'true' : 'false'));
     92Γûò     Log::info('Test: Queries', DB::getQueryLog());

  1   tests\Feature\SalesOrderStockTest.php:88


  Tests:    1 failed (2 assertions)
  Duration: 33.78s

